// Jest Snapshot v1, https://goo.gl/fbAQLP

exports[`CarouselSlide renders correctly 1`] = `
<figure>
  <CarouselSlide__DefaultImg
    imgHeight={500}
    src="https://example.com/default.jpg"
  />
  <figcaption>
    <strong>
      Description
    </strong>
     
    Attribution
  </figcaption>
</figure>
`;

exports[`Img renders correctly 1`] = `null`;
